FAILED 1/109 prothese-totale-du-coude-de-premiere-intention: Command failed: C:\Program Files\nodejs\node.exe _ins-chapter.mjs 79b97652-efce-492f-b9c9-4f9a7b65535f C:\Users\Admin\Desktop\Major-ecn-projects\.corpus-orthopedie\prothese-totale-du-coude-de-premiere-intention\delivery\language-natural.json --replace --snapshot C:\Users\Admin\Desktop\Major-ecn-projects\.corpus-orthopedie\prothese-totale-du-coude-de-premiere-intention\delivery\2026-08-10T22-38-25-344Z\published-before-replacement\manifest.json
VALIDATION ÉCHOUÉE :
- « DP 1 — Polyarthrite rhumatoïde, coude enraidi et douloureux » Q1 : énoncé générique, de gabarit ou fondé sur un exemple
- « DP 2 — Fracture comminutive de palette chez une octogénaire » Q1 : énoncé générique, de gabarit ou fondé sur un exemple
- « DP 3 — Polyarthrite avec piliers huméraux intacts » Q1 : énoncé générique, de gabarit ou fondé sur un exemple
- « DP 4 — Échec précoce et reprise de prothèse » Q1 : énoncé générique, de gabarit ou fondé sur un exemple
- « DP 5 — Arthrose post-traumatique, contrainte décidée en peropératoire » Q1 : énoncé générique, de gabarit ou fondé sur un exemple
- « DP 6 — Nécrose cutanée au cinquième jour postopératoire » Q1 : énoncé générique, de gabarit ou fondé sur un exemple
- « DP 7 — Coude instable en valgus, bases biomécaniques » Q1 : énoncé générique, de gabarit ou fondé sur un exemple
- « DP 8 — Pseudarthrose de l'humérus distal après ostéosynthèse » Q1 : énoncé générique, de gabarit ou fondé sur un exemple

FAILED 2/109 protheses-unicompartimentales-de-genou: Command failed: C:\Program Files\nodejs\node.exe _audit-orthopedie-production.mjs C:\Users\Admin\Desktop\Major-ecn-projects\.corpus-orthopedie\protheses-unicompartimentales-de-genou\delivery\language-audit.json 5f00a9b5-64da-4d06-99a7-380323d427c0

node:internal/modules/run_main:107
    triggerUncaughtException(
    ^
{
  code: 'PGRST002',
  details: null,
  hint: null,
  message: 'Could not query the database for the schema cache. Retrying.'
}

Node.js v24.18.0

FAILED 3/109 principes-techniques-de-prothese-tricompartimentale-du-genou-de-premiere-intenti: Command failed: C:\Program Files\nodejs\node.exe _snapshot-orthopedie.mjs ca56ce35-cfd2-4548-bbc0-bea26d3061b1 C:\Users\Admin\Desktop\Major-ecn-projects\.corpus-orthopedie\principes-techniques-de-prothese-tricompartimentale-du-genou-de-premiere-intenti

node:internal/modules/run_main:107
    triggerUncaughtException(
    ^
{
  type: 'https://developers.cloudflare.com/support/troubleshooting/http-status-codes/cloudflare-5xx-errors/error-525/',
  title: 'Error 525: SSL handshake failed',
  status: 525,
  detail: "The SSL/TLS handshake between Cloudflare and the origin server failed. The origin's SSL configuration is not compatible with Cloudflare, possibly due to missing shared cipher suites or an unsupported TLS version.",
  instance: 'a2927f496938d913',
  error_code: 525,
  error_name: 'ssl_handshake_failed',
  error_category: 'ssl',
  ray_id: 'a2927f496938d913',
  timestamp: '2026-08-10T22:39:33Z',
  zone: 'mrrgfnirpwsknuyiwcqy.supabase.co',
  cloudflare_error: true,
  retryable: false,
  owner_action_required: true,
  what_you_should_do: '**Do not retry.** Retrying will not resolve this error. The website operator must fix the origin SSL/TLS configuration to use cipher suites and TLS versions compatible with Cloudflare.',
  footer: 'This error was generated by Cloudflare on behalf of the website owner.'
}

Node.js v24.18.0

FAILED 4/109 traitement-chirurgical-des-stenoses-su-canal-lombaire: Command failed: C:\Program Files\nodejs\node.exe _snapshot-orthopedie.mjs 09e9b59a-ba5a-45b2-b343-bbc734dafaf9 C:\Users\Admin\Desktop\Major-ecn-projects\.corpus-orthopedie\traitement-chirurgical-des-stenoses-su-canal-lombaire

node:internal/modules/run_main:107
    triggerUncaughtException(
    ^
{
  type: 'https://developers.cloudflare.com/support/troubleshooting/http-status-codes/cloudflare-5xx-errors/error-521/',
  title: 'Error 521: Web server is down',
  status: 521,
  detail: 'Cloudflare attempted to connect to the origin web server, but the connection was refused. The origin is down, blocking Cloudflare IPs, or not accepting connections on the configured port.',
  instance: 'a2927f4ad85c5455',
  error_code: 521,
  error_name: 'origin_down',
  error_category: 'origin',
  ray_id: 'a2927f4ad85c5455',
  timestamp: '2026-08-10T22:39:33Z',
  zone: 'mrrgfnirpwsknuyiwcqy.supabase.co',
  cloudflare_error: true,
  retryable: true,
  retry_after: 120,
  owner_action_required: true,
  what_you_should_do: '**Wait and retry.** Back off for at least 120 seconds. If the error persists, the origin is offline or blocking Cloudflare — the website operator must restart the origin or whitelist Cloudflare IPs.',
  footer: 'This error was generated by Cloudflare on behalf of the website owner.'
}

Node.js v24.18.0
Assertion failed: !(handle->flags & UV_HANDLE_CLOSING), file src\win\async.c, line 94

FAILED 5/109 raideurs-post-traumatiques-des-doigts: Command failed: C:\Program Files\nodejs\node.exe _snapshot-orthopedie.mjs 98f57bde-879d-4971-bf6a-3447d96b2275 C:\Users\Admin\Desktop\Major-ecn-projects\.corpus-orthopedie\raideurs-post-traumatiques-des-doigts

node:internal/modules/run_main:107
    triggerUncaughtException(
    ^
{
  type: 'https://developers.cloudflare.com/support/troubleshooting/http-status-codes/cloudflare-5xx-errors/error-521/',
  title: 'Error 521: Web server is down',
  status: 521,
  detail: 'Cloudflare attempted to connect to the origin web server, but the connection was refused. The origin is down, blocking Cloudflare IPs, or not accepting connections on the configured port.',
  instance: 'a2927f4ced42d0b4',
  error_code: 521,
  error_name: 'origin_down',
  error_category: 'origin',
  ray_id: 'a2927f4ced42d0b4',
  timestamp: '2026-08-10T22:39:33Z',
  zone: 'mrrgfnirpwsknuyiwcqy.supabase.co',
  cloudflare_error: true,
  retryable: true,
  retry_after: 120,
  owner_action_required: true,
  what_you_should_do: '**Wait and retry.** Back off for at least 120 seconds. If the error persists, the origin is offline or blocking Cloudflare — the website operator must restart the origin or whitelist Cloudflare IPs.',
  footer: 'This error was generated by Cloudflare on behalf of the website owner.'
}

Node.js v24.18.0
Assertion failed: !(handle->flags & UV_HANDLE_CLOSING), file src\win\async.c, line 94

FAILED 6/109 hallux-valgus: Command failed: C:\Program Files\nodejs\node.exe _snapshot-orthopedie.mjs 10b50d18-5ad7-4e4d-9a7b-568e783706c3 C:\Users\Admin\Desktop\Major-ecn-projects\.corpus-orthopedie\hallux-valgus

node:internal/modules/run_main:107
    triggerUncaughtException(
    ^
{
  type: 'https://developers.cloudflare.com/support/troubleshooting/http-status-codes/cloudflare-5xx-errors/error-521/',
  title: 'Error 521: Web server is down',
  status: 521,
  detail: 'Cloudflare attempted to connect to the origin web server, but the connection was refused. The origin is down, blocking Cloudflare IPs, or not accepting connections on the configured port.',
  instance: 'a2927f4eeb49d6e2',
  error_code: 521,
  error_name: 'origin_down',
  error_category: 'origin',
  ray_id: 'a2927f4eeb49d6e2',
  timestamp: '2026-08-10T22:39:34Z',
  zone: 'mrrgfnirpwsknuyiwcqy.supabase.co',
  cloudflare_error: true,
  retryable: true,
  retry_after: 120,
  owner_action_required: true,
  what_you_should_do: '**Wait and retry.** Back off for at least 120 seconds. If the error persists, the origin is offline or blocking Cloudflare — the website operator must restart the origin or whitelist Cloudflare IPs.',
  footer: 'This error was generated by Cloudflare on behalf of the website owner.'
}

Node.js v24.18.0
Assertion failed: !(handle->flags & UV_HANDLE_CLOSING), file src\win\async.c, line 94

FAILED 7/109 abord-du-rachis-lombaire-et-de-la-charniere-lombosacree: Command failed: C:\Program Files\nodejs\node.exe _snapshot-orthopedie.mjs 43e62538-45bc-4392-8cc0-dae8c311b948 C:\Users\Admin\Desktop\Major-ecn-projects\.corpus-orthopedie\abord-du-rachis-lombaire-et-de-la-charniere-lombosacree

node:internal/modules/run_main:107
    triggerUncaughtException(
    ^
{
  type: 'https://developers.cloudflare.com/support/troubleshooting/http-status-codes/cloudflare-5xx-errors/error-521/',
  title: 'Error 521: Web server is down',
  status: 521,
  detail: 'Cloudflare attempted to connect to the origin web server, but the connection was refused. The origin is down, blocking Cloudflare IPs, or not accepting connections on the configured port.',
  instance: 'a2927f50ed4f463a',
  error_code: 521,
  error_name: 'origin_down',
  error_category: 'origin',
  ray_id: 'a2927f50ed4f463a',
  timestamp: '2026-08-10T22:39:34Z',
  zone: 'mrrgfnirpwsknuyiwcqy.supabase.co',
  cloudflare_error: true,
  retryable: true,
  retry_after: 120,
  owner_action_required: true,
  what_you_should_do: '**Wait and retry.** Back off for at least 120 seconds. If the error persists, the origin is offline or blocking Cloudflare — the website operator must restart the origin or whitelist Cloudflare IPs.',
  footer: 'This error was generated by Cloudflare on behalf of the website owner.'
}

Node.js v24.18.0
Assertion failed: !(handle->flags & UV_HANDLE_CLOSING), file src\win\async.c, line 94

FAILED 8/109 abords-anterolateraux-de-la-charniere-thoracolombaire: Command failed: C:\Program Files\nodejs\node.exe _snapshot-orthopedie.mjs 5133c4aa-1f8a-4c33-9aab-92b467fe2f74 C:\Users\Admin\Desktop\Major-ecn-projects\.corpus-orthopedie\abords-anterolateraux-de-la-charniere-thoracolombaire

node:internal/modules/run_main:107
    triggerUncaughtException(
    ^
{
  type: 'https://developers.cloudflare.com/support/troubleshooting/http-status-codes/cloudflare-5xx-errors/error-521/',
  title: 'Error 521: Web server is down',
  status: 521,
  detail: 'Cloudflare attempted to connect to the origin web server, but the connection was refused. The origin is down, blocking Cloudflare IPs, or not accepting connections on the configured port.',
  instance: 'a2927f52dbdd0cd3',
  error_code: 521,
  error_name: 'origin_down',
  error_category: 'origin',
  ray_id: 'a2927f52dbdd0cd3',
  timestamp: '2026-08-10T22:39:34Z',
  zone: 'mrrgfnirpwsknuyiwcqy.supabase.co',
  cloudflare_error: true,
  retryable: true,
  retry_after: 120,
  owner_action_required: true,
  what_you_should_do: '**Wait and retry.** Back off for at least 120 seconds. If the error persists, the origin is offline or blocking Cloudflare — the website operator must restart the origin or whitelist Cloudflare IPs.',
  footer: 'This error was generated by Cloudflare on behalf of the website owner.'
}

Node.js v24.18.0
Assertion failed: !(handle->flags & UV_HANDLE_CLOSING), file src\win\async.c, line 94

FAILED 9/109 acromioplastie-chirurgicale-et-arthroscopique: Command failed: C:\Program Files\nodejs\node.exe _snapshot-orthopedie.mjs 6b13352b-9588-4490-97da-7b72cf5c5837 C:\Users\Admin\Desktop\Major-ecn-projects\.corpus-orthopedie\acromioplastie-chirurgicale-et-arthroscopique

node:internal/modules/run_main:107
    triggerUncaughtException(
    ^
{
  type: 'https://developers.cloudflare.com/support/troubleshooting/http-status-codes/cloudflare-5xx-errors/error-521/',
  title: 'Error 521: Web server is down',
  status: 521,
  detail: 'Cloudflare attempted to connect to the origin web server, but the connection was refused. The origin is down, blocking Cloudflare IPs, or not accepting connections on the configured port.',
  instance: 'a2927f551b38d097',
  error_code: 521,
  error_name: 'origin_down',
  error_category: 'origin',
  ray_id: 'a2927f551b38d097',
  timestamp: '2026-08-10T22:39:35Z',
  zone: 'mrrgfnirpwsknuyiwcqy.supabase.co',
  cloudflare_error: true,
  retryable: true,
  retry_after: 120,
  owner_action_required: true,
  what_you_should_do: '**Wait and retry.** Back off for at least 120 seconds. If the error persists, the origin is offline or blocking Cloudflare — the website operator must restart the origin or whitelist Cloudflare IPs.',
  footer: 'This error was generated by Cloudflare on behalf of the website owner.'
}

Node.js v24.18.0
Assertion failed: !(handle->flags & UV_HANDLE_CLOSING), file src\win\async.c, line 94

FAILED 10/109 amputations-et-desarticulations-des-membres-inferieurs: Command failed: C:\Program Files\nodejs\node.exe _snapshot-orthopedie.mjs 27d12549-a649-4ca9-896e-7d5c522a7202 C:\Users\Admin\Desktop\Major-ecn-projects\.corpus-orthopedie\amputations-et-desarticulations-des-membres-inferieurs

node:internal/modules/run_main:107
    triggerUncaughtException(
    ^
{
  type: 'https://developers.cloudflare.com/support/troubleshooting/http-status-codes/cloudflare-5xx-errors/error-521/',
  title: 'Error 521: Web server is down',
  status: 521,
  detail: 'Cloudflare attempted to connect to the origin web server, but the connection was refused. The origin is down, blocking Cloudflare IPs, or not accepting connections on the configured port.',
  instance: 'a2927f5738c57854',
  error_code: 521,
  error_name: 'origin_down',
  error_category: 'origin',
  ray_id: 'a2927f5738c57854',
  timestamp: '2026-08-10T22:39:35Z',
  zone: 'mrrgfnirpwsknuyiwcqy.supabase.co',
  cloudflare_error: true,
  retryable: true,
  retry_after: 120,
  owner_action_required: true,
  what_you_should_do: '**Wait and retry.** Back off for at least 120 seconds. If the error persists, the origin is offline or blocking Cloudflare — the website operator must restart the origin or whitelist Cloudflare IPs.',
  footer: 'This error was generated by Cloudflare on behalf of the website owner.'
}

Node.js v24.18.0
Assertion failed: !(handle->flags & UV_HANDLE_CLOSING), file src\win\async.c, line 94

FAILED 11/109 amputations-et-desarticulations-des-membres-superieurs: Command failed: C:\Program Files\nodejs\node.exe _snapshot-orthopedie.mjs 98bb7cc3-8204-40d1-9489-15204a4d1686 C:\Users\Admin\Desktop\Major-ecn-projects\.corpus-orthopedie\amputations-et-desarticulations-des-membres-superieurs

node:internal/modules/run_main:107
    triggerUncaughtException(
    ^
{
  type: 'https://developers.cloudflare.com/support/troubleshooting/http-status-codes/cloudflare-5xx-errors/error-521/',
  title: 'Error 521: Web server is down',
  status: 521,
  detail: 'Cloudflare attempted to connect to the origin web server, but the connection was refused. The origin is down, blocking Cloudflare IPs, or not accepting connections on the configured port.',
  instance: 'a2927f595a6b3740',
  error_code: 521,
  error_name: 'origin_down',
  error_category: 'origin',
  ray_id: 'a2927f595a6b3740',
  timestamp: '2026-08-10T22:39:35Z',
  zone: 'mrrgfnirpwsknuyiwcqy.supabase.co',
  cloudflare_error: true,
  retryable: true,
  retry_after: 120,
  owner_action_required: true,
  what_you_should_do: '**Wait and retry.** Back off for at least 120 seconds. If the error persists, the origin is offline or blocking Cloudflare — the website operator must restart the origin or whitelist Cloudflare IPs.',
  footer: 'This error was generated by Cloudflare on behalf of the website owner.'
}

Node.js v24.18.0
Assertion failed: !(handle->flags & UV_HANDLE_CLOSING), file src\win\async.c, line 94

FAILED 12/109 arthrodeses-lombaires-intersomatiques-l2-a-l5-par-voie-anterieurs-mini-invasive: Command failed: C:\Program Files\nodejs\node.exe _snapshot-orthopedie.mjs 180bd27c-3ca9-4533-b5bd-fb9235dcf75d C:\Users\Admin\Desktop\Major-ecn-projects\.corpus-orthopedie\arthrodeses-lombaires-intersomatiques-l2-a-l5-par-voie-anterieurs-mini-invasive

node:internal/modules/run_main:107
    triggerUncaughtException(
    ^
{
  type: 'https://developers.cloudflare.com/support/troubleshooting/http-status-codes/cloudflare-5xx-errors/error-521/',
  title: 'Error 521: Web server is down',
  status: 521,
  detail: 'Cloudflare attempted to connect to the origin web server, but the connection was refused. The origin is down, blocking Cloudflare IPs, or not accepting connections on the configured port.',
  instance: 'a2927f5b5da83d17',
  error_code: 521,
  error_name: 'origin_down',
  error_category: 'origin',
  ray_id: 'a2927f5b5da83d17',
  timestamp: '2026-08-10T22:39:36Z',
  zone: 'mrrgfnirpwsknuyiwcqy.supabase.co',
  cloudflare_error: true,
  retryable: true,
  retry_after: 120,
  owner_action_required: true,
  what_you_should_do: '**Wait and retry.** Back off for at least 120 seconds. If the error persists, the origin is offline or blocking Cloudflare — the website operator must restart the origin or whitelist Cloudflare IPs.',
  footer: 'This error was generated by Cloudflare on behalf of the website owner.'
}

Node.js v24.18.0
Assertion failed: !(handle->flags & UV_HANDLE_CLOSING), file src\win\async.c, line 94

FAILED 13/109 arthroplastie-totale-de-hanche-par-voie-anterieure-et-anterolaterale: Command failed: C:\Program Files\nodejs\node.exe _snapshot-orthopedie.mjs bf1a285c-8dec-43b8-85d0-818031f20a62 C:\Users\Admin\Desktop\Major-ecn-projects\.corpus-orthopedie\arthroplastie-totale-de-hanche-par-voie-anterieure-et-anterolaterale

node:internal/modules/run_main:107
    triggerUncaughtException(
    ^
{
  type: 'https://developers.cloudflare.com/support/troubleshooting/http-status-codes/cloudflare-5xx-errors/error-521/',
  title: 'Error 521: Web server is down',
  status: 521,
  detail: 'Cloudflare attempted to connect to the origin web server, but the connection was refused. The origin is down, blocking Cloudflare IPs, or not accepting connections on the configured port.',
  instance: 'a2927f5d5a46fa87',
  error_code: 521,
  error_name: 'origin_down',
  error_category: 'origin',
  ray_id: 'a2927f5d5a46fa87',
  timestamp: '2026-08-10T22:39:36Z',
  zone: 'mrrgfnirpwsknuyiwcqy.supabase.co',
  cloudflare_error: true,
  retryable: true,
  retry_after: 120,
  owner_action_required: true,
  what_you_should_do: '**Wait and retry.** Back off for at least 120 seconds. If the error persists, the origin is offline or blocking Cloudflare — the website operator must restart the origin or whitelist Cloudflare IPs.',
  footer: 'This error was generated by Cloudflare on behalf of the website owner.'
}

Node.js v24.18.0
Assertion failed: !(handle->flags & UV_HANDLE_CLOSING), file src\win\async.c, line 94

FAILED 14/109 arthroplastie-trapezometacarpiennes: Command failed: C:\Program Files\nodejs\node.exe _ins-chapter.mjs 9bd954e5-802e-4447-ac68-4cbd5a3056af C:\Users\Admin\Desktop\Major-ecn-projects\.corpus-orthopedie\arthroplastie-trapezometacarpiennes\delivery\language-natural.json --replace --snapshot C:\Users\Admin\Desktop\Major-ecn-projects\.corpus-orthopedie\arthroplastie-trapezometacarpiennes\delivery\2026-08-10T22-39-36-904Z\published-before-replacement\manifest.json
VALIDATION ÉCHOUÉE :
- « DP 1 — Rhizarthrose au stade chirurgical » Q1 : énoncé générique, de gabarit ou fondé sur un exemple
- « DP 2 — Anatomie appliquée et voie d'abord » Q1 : énoncé générique, de gabarit ou fondé sur un exemple
- « DP 3 — Implant d'interposition libre de type Pi2 » Q1 : énoncé générique, de gabarit ou fondé sur un exemple
- « DP 4 — Implant de resurfaçage de type Pyrocardan » Q1 : énoncé générique, de gabarit ou fondé sur un exemple
- « DP 5 — Pose d'une prothèse couplée par voie latérale » Q1 : énoncé générique, de gabarit ou fondé sur un exemple
- « DP 6 — Choix de la prothèse et matériaux » Q1 : énoncé générique, de gabarit ou fondé sur un exemple
- « DP 7 — Complications et reprise d'une prothèse » Q1 : énoncé générique, de gabarit ou fondé sur un exemple
- « DP 8 — Synthèse : du bilan à la conclusion » Q1 : énoncé générique, de gabarit ou fondé sur un exemple

